// Bun Snapshot v1, https://goo.gl/fbAQLP

exports[`part one 1`] = `54953`;

exports[`part two 1`] = `53868`;
