// Bun Snapshot v1, https://goo.gl/fbAQLP

exports[`part one 1`] = `2551`;

exports[`part two 1`] = `62811`;
